// Jest Snapshot v1, https://goo.gl/fbAQLP

exports[`ZecatDifapro test Should match unchecked radio snapshot 1`] = `
<div>
  <div
    class="wrapper default row middle"
  >
    <div
      class="firstSection row"
    >
      <input
        class="customRadio"
        data-testid="test-zecatdifapro"
        id="test"
        name="test"
      />
      <div
        class="info column"
      >
        <label
          class="title"
          for="test"
        >
          Hamburguesa
        </label>
        <label
          for="test"
        >
          Peque√±a
        </label>
      </div>
    </div>
    <label
      class="extraInfo"
      for="test"
    >
      $ 50
    </label>
  </div>
</div>
`;
