// Jest Snapshot v1, https://goo.gl/fbAQLP

exports[`#Registration when mounting shows valid content 1`] = `
<form
  aria-label="registration-form"
  className="column center full-width formContainer"
  onSubmit={[Function]}
>
  <div
    className="column center m-bottom-3"
  >
    <h1
      className="m-bottom-1"
    >
      Registration:registration
    </h1>
    <h2>
      Registration:registrationExplanation
    </h2>
  </div>
  <div
    className="row space-between sectionContainer"
  >
    <div
      className="column start inputContainer item-1 m-right-2"
    >
      <label
        className=" m-bottom-1"
        htmlFor="firstName"
      >
        Registration:firstName
      </label>
      <input
        className="input input "
        disabled={false}
        id="firstName"
        name="firstName"
        placeholder="Registration:firstNamePlaceholder"
        readOnly={false}
        type="text"
      />
      <span
        aria-hidden={true}
        className=" errorText "
        id="firstName-error"
        role="alert"
      >
        
      </span>
    </div>
    <div
      className="column start inputContainer item-1"
    >
      <label
        className=" m-bottom-1"
        htmlFor="lastName"
      >
        Registration:lastName
      </label>
      <input
        className="input input "
        disabled={false}
        id="lastName"
        name="lastName"
        placeholder="Registration:lastNamePlaceholder"
        readOnly={false}
        type="text"
      />
      <span
        aria-hidden={true}
        className=" errorText "
        id="lastName-error"
        role="alert"
      >
        
      </span>
    </div>
  </div>
  <div
    className="row sectionContainer"
  >
    <div
      className="column start inputContainer item-1"
    >
      <label
        className=" m-bottom-1"
        htmlFor="email"
      >
        Registration:email
      </label>
      <input
        className="input input "
        disabled={false}
        id="email"
        name="email"
        placeholder="Registration:emailPlaceholder"
        readOnly={false}
        type="email"
      />
      <span
        aria-hidden={true}
        className=" errorText "
        id="email-error"
        role="alert"
      >
        
      </span>
    </div>
  </div>
  <div
    className="row space-between sectionContainer"
  >
    <div
      className="column start inputContainer item-1 m-right-2"
    >
      <label
        className=" m-bottom-1"
        htmlFor="password"
      >
        Registration:password
      </label>
      <input
        className="input input "
        disabled={false}
        id="password"
        name="password"
        placeholder="Registration:passwordPlaceholder"
        readOnly={false}
        type="password"
      />
      <span
        aria-hidden={true}
        className=" errorText "
        id="password-error"
        role="alert"
      >
        
      </span>
    </div>
    <div
      className="column start inputContainer item-1"
    >
      <label
        className=" m-bottom-1"
        htmlFor="confirmPassword"
      >
        Registration:confirmPassword
      </label>
      <input
        className="input input "
        disabled={false}
        id="confirmPassword"
        name="confirmPassword"
        placeholder="Registration:confirmPasswordPlaceholder"
        readOnly={false}
        type="password"
      />
      <span
        aria-hidden={true}
        className=" errorText "
        id="confirmPassword-error"
        role="alert"
      >
        
      </span>
    </div>
  </div>
  <div
    className="column center sectionContainer"
  >
    <button
      className="full-width m-bottom-1 button"
      type="submit"
    >
      RecoverPassword:enter
    </button>
    <a
      href="/login"
    >
      RecoverPassword:returnToLogin
    </a>
  </div>
</form>
`;
